// Jest Snapshot v1, https://goo.gl/fbAQLP

exports[`EditorToolbar.vue renders correctly 1`] = `
<div
  activeroot="[object Object]"
  hasactive="true"
/>
`;
