// Jest Snapshot v1, https://goo.gl/fbAQLP

exports[`ShadowInput.vue renders correctly 1`] = `
<textarea
  class="shadow-input"
/>
`;
