// Jest Snapshot v1, https://goo.gl/fbAQLP

exports[`HeadingBlock.vue renders correctly 1`] = `
<h2>
  
  foo

</h2>
`;
