// Jest Snapshot v1, https://goo.gl/fbAQLP

exports[`QuoteBlock.vue renders correctly 1`] = `<blockquote />`;
