// Jest Snapshot v1, https://goo.gl/fbAQLP

exports[`TextBlock.vue renders correctly (preview mode) 1`] = `
<span
  class="text preview"
>
  
  foo

</span>
`;

exports[`TextBlock.vue renders correctly 1`] = `
<textarea
  data-id="123"
  placeholder=""
  rows="1"
>
  foo
</textarea>
`;
