// Jest Snapshot v1, https://goo.gl/fbAQLP

exports[`InsertPopup.vue renders correctly 1`] = `
<div
  class="insert-popup"
>
  <button
    class="insert-popup__item"
  >
    <div
      class="editor-insert-button__icon"
    >
      <div
        class="editor-insert-button__iconContent"
      >
        <!--?xml version="1.0" encoding="UTF-8"?-->
        

        <svg
          height="17px"
          version="1.1"
          viewBox="0 0 12 17"
          width="12px"
          xmlns="http://www.w3.org/2000/svg"
          xmlns:xlink="http://www.w3.org/1999/xlink"
        >
          
    
          <!-- Generator: Sketch 52 (66869) - http://www.bohemiancoding.com/sketch -->
          
    
          <title>
            B
          </title>
          
    
          <desc>
            Created with Sketch.
          </desc>
          
    
          <g
            fill="none"
            fill-rule="evenodd"
            id="SP"
            stroke="none"
            stroke-width="1"
          >
            
        
            <g
              class="fill-target"
              id="ストーリー_マイストーリー_入力中_テキスト選択中"
              transform="translate(-34.000000, -14.000000)"
            >
              
            
              <g
                id="Group-14"
              >
                
                
                <g
                  id="Group-55"
                  transform="translate(20.000000, 0.000000)"
                >
                  
                    
                  <g
                    id="Group-4"
                  >
                    
                        
                    <g
                      id="icon_bold"
                    >
                      
                            
                      <g
                        id="Group-52"
                      >
                        
                                
                        <path
                          d="M14,14 L19.368,14 C23.262,14 24.758,15.452 24.758,17.982 C24.758,19.896 23.394,21.238 21.238,21.546 L21.238,21.722 C23.812,22.052 25.264,23.504 25.264,25.682 C25.264,28.52 23.196,30.214 19.676,30.214 L14,30.214 L14,14 Z M15.87,15.54 L15.87,20.908 L18.796,20.908 C21.436,20.908 22.822,19.83 22.822,18.114 C22.822,16.376 21.92,15.54 19.126,15.54 L15.87,15.54 Z M15.87,22.448 L15.87,28.674 L19.434,28.674 C22.074,28.674 23.284,27.574 23.284,25.594 C23.284,23.658 21.766,22.448 18.928,22.448 L15.87,22.448 Z"
                          id="B"
                        />
                        
                            
                      </g>
                      
                        
                    </g>
                    
                    
                  </g>
                  
                
                </g>
                
            
              </g>
              
        
            </g>
            
    
          </g>
          

        </svg>
      </div>
    </div>
  </button>
   
  <button
    class="insert-popup__item"
  >
    <div
      class="editor-insert-button__icon"
    >
      <div
        class="editor-insert-button__iconContent"
      >
        <!--?xml version="1.0" encoding="UTF-8"?-->
        

        <svg
          height="18px"
          version="1.1"
          viewBox="0 0 8 18"
          width="8px"
          xmlns="http://www.w3.org/2000/svg"
          xmlns:xlink="http://www.w3.org/1999/xlink"
        >
          
    
          <!-- Generator: Sketch 52 (66869) - http://www.bohemiancoding.com/sketch -->
          
    
          <title>
            i
          </title>
          
    
          <desc>
            Created with Sketch.
          </desc>
          
    
          <g
            fill="none"
            fill-rule="evenodd"
            id="SP"
            stroke="none"
            stroke-width="1"
          >
            
        
            <g
              class="fill-target"
              id="ストーリー_マイストーリー_入力中_テキスト選択中"
              transform="translate(-76.000000, -12.000000)"
            >
              
            
              <g
                id="Group-14"
              >
                
                
                <g
                  id="Group-55"
                  transform="translate(20.000000, 0.000000)"
                >
                  
                    
                  <g
                    id="Group-4"
                  >
                    
                        
                    <g
                      id="Group-54"
                      transform="translate(40.000000, 0.000000)"
                    >
                      
                            
                      <g
                        id="icon_italic"
                        transform="translate(4.000000, 6.000000)"
                      >
                        
                                
                        <g
                          id="Group-2"
                        >
                          
                                    
                          <path
                            d="M16.984,11.304 L15.016,11.304 L15.016,23.568 L16.984,23.568 L16.984,11.304 Z M17.2,6.576 L14.8,6.576 L14.8,8.952 L17.2,8.952 L17.2,6.576 Z"
                            id="i"
                            transform="translate(16.000000, 15.072000) scale(-1, 1) rotate(-15.000000) translate(-16.000000, -15.072000) "
                          />
                          
                                
                        </g>
                        
                            
                      </g>
                      
                        
                    </g>
                    
                    
                  </g>
                  
                
                </g>
                
            
              </g>
              
        
            </g>
            
    
          </g>
          

        </svg>
      </div>
    </div>
  </button>
   
  <button
    class="insert-popup__item"
  >
    <div
      class="editor-insert-button__icon"
    >
      <div
        class="editor-insert-button__iconContent"
      >
        <!--?xml version="1.0" encoding="UTF-8"?-->
        

        <svg
          height="12px"
          version="1.1"
          viewBox="0 0 18 12"
          width="18px"
          xmlns="http://www.w3.org/2000/svg"
          xmlns:xlink="http://www.w3.org/1999/xlink"
        >
          
    
          <!-- Generator: Sketch 51.2 (57519) - http://www.bohemiancoding.com/sketch -->
          
    
          <title>
            ‘‘
          </title>
          
    
          <desc>
            Created with Sketch.
          </desc>
          
    
          <defs />
          
    
          <g
            fill="none"
            fill-rule="evenodd"
            id="SP"
            stroke="none"
            stroke-width="1"
          >
            
        
            <g
              class="fill-target"
              id="ストーリー_マイストーリー_入力中_テキスト未選択"
              transform="translate(-115.000000, -16.000000)"
            >
              
            
              <g
                id="Group-14"
              >
                
                
                <g
                  id="icon_quote"
                  transform="translate(104.000000, 0.000000)"
                >
                  
                    
                  <g
                    id="Group-2"
                  >
                    
                        
                    <g
                      id="Group-11"
                    >
                      
                            
                      <path
                        d="M15.944,16 L13.736,16 L11,22.528 L11,27.568 L16.232,27.568 L16.232,22.48 L13.448,22.48 L15.944,16 Z M28.376,16 L26.168,16 L23.432,22.528 L23.432,27.568 L28.664,27.568 L28.664,22.48 L25.88,22.48 L28.376,16 Z"
                        id="‘‘"
                      />
                      
                        
                    </g>
                    
                    
                  </g>
                  
                
                </g>
                
            
              </g>
              
        
            </g>
            
    
          </g>
          

        </svg>
      </div>
    </div>
  </button>
   
  <button
    class="insert-popup__item"
  >
    <div
      class="editor-insert-button__icon"
    >
      <div
        class="editor-insert-button__iconContent"
      >
        <!--?xml version="1.0" encoding="UTF-8"?-->
        

        <svg
          height="18px"
          version="1.1"
          viewBox="0 0 14 18"
          width="14px"
          xmlns="http://www.w3.org/2000/svg"
          xmlns:xlink="http://www.w3.org/1999/xlink"
        >
          
    
          <!-- Generator: Sketch 51.2 (57519) - http://www.bohemiancoding.com/sketch -->
          
    
          <title>
            T
          </title>
          
    
          <desc>
            Created with Sketch.
          </desc>
          
    
          <defs />
          
    
          <g
            fill="none"
            fill-rule="evenodd"
            id="SP"
            stroke="none"
            stroke-width="1"
          >
            
        
            <g
              class="fill-target"
              id="ストーリー_マイストーリー_入力中_テキスト未選択"
              transform="translate(-35.000000, -13.000000)"
            >
              
            
              <g
                id="Group-14"
              >
                
                
                <g
                  id="icon_index"
                  transform="translate(20.000000, 0.000000)"
                >
                  
                    
                  <g
                    id="Group-2"
                  >
                    
                        
                    <g
                      id="Group-6"
                    >
                      
                            
                      <polygon
                        id="T"
                        points="28.152 13 15 13 15 14.776 20.496 14.776 20.496 30.688 22.608 30.688 22.608 14.776 28.152 14.776"
                      />
                      
                        
                    </g>
                    
                    
                  </g>
                  
                
                </g>
                
            
              </g>
              
        
            </g>
            
    
          </g>
          

        </svg>
      </div>
    </div>
  </button>
</div>
`;
